I'm sorry, but errors were detected in your script. Please correct the
errors listed below, and try again.


File "game/script.rpy", line 478: Line is indented, but the preceding say statement statement does not expect a block. Please check this line's indentation.
    jump choice4_done
    ^

Ren'Py Version: Ren'Py 7.5.0.22062402
Fri Jul 15 02:04:11 2022
